[    0.000000] Initializing cgroup subsys cpuset
[    0.000000] Initializing cgroup subsys cpu
[    0.000000] Initializing cgroup subsys cpuacct
[    0.000000] Linux version 4.4.0-166-generic (buildd@lcy01-amd64-020) (gcc version 5.4.0 20160609 (Ubuntu 5.4.0-6ubuntu1~16.04.10) ) #195-Ubuntu SMP Tue Oct 1 09:35:25 UTC 2019 (Ubuntu 4.4.0-166.195-generic 4.4.194)
[    0.000000] Command line: BOOT_IMAGE=/boot/vmlinuz-4.4.0-166-generic root=UUID=550dd3ae-7e36-4ee8-99c7-73d48a45f588 ro console=tty1 console=ttyS0
[    0.000000] KERNEL supported cpus:
[    0.000000]   Intel GenuineIntel
[    0.000000]   AMD AuthenticAMD
[    0.000000]   Centaur CentaurHauls
[    0.000000] x86/fpu: xstate_offset[2]:  576, xstate_sizes[2]:  256
[    0.000000] x86/fpu: Supporting XSAVE feature 0x01: 'x87 floating point registers'
[    0.000000] x86/fpu: Supporting XSAVE feature 0x02: 'SSE registers'
[    0.000000] x86/fpu: Supporting XSAVE feature 0x04: 'AVX registers'
[    0.000000] x86/fpu: Enabled xstate features 0x7, context size is 832 bytes, using 'standard' format.
[    0.000000] e820: BIOS-provided physical RAM map:
[    0.000000] BIOS-e820: [mem 0x0000000000000000-0x000000000009fbff] usable
[    0.000000] BIOS-e820: [mem 0x000000000009fc00-0x000000000009ffff] reserved
[    0.000000] BIOS-e820: [mem 0x00000000000f0000-0x00000000000fffff] reserved
[    0.000000] BIOS-e820: [mem 0x0000000000100000-0x000000003ffeffff] usable
[    0.000000] BIOS-e820: [mem 0x000000003fff0000-0x000000003fffffff] ACPI data
[    0.000000] BIOS-e820: [mem 0x00000000fec00000-0x00000000fec00fff] reserved
[    0.000000] BIOS-e820: [mem 0x00000000fee00000-0x00000000fee00fff] reserved
[    0.000000] BIOS-e820: [mem 0x00000000fffc0000-0x00000000ffffffff] reserved
[    0.000000] NX (Execute Disable) protection: active
[    0.000000] SMBIOS 2.5 present.
[    0.000000] Hypervisor detected: KVM
[    0.000000] e820: last_pfn = 0x3fff0 max_arch_pfn = 0x400000000
[    0.000000] MTRR: Disabled
[    0.000000] x86/PAT: MTRRs disabled, skipping PAT initialization too.
[    0.000000] CPU MTRRs all blank - virtualized system.
[    0.000000] x86/PAT: Configuration [0-7]: WB  WT  UC- UC  WB  WT  UC- UC  
[    0.000000] found SMP MP-table at [mem 0x0009fff0-0x0009ffff] mapped at [ffff88000009fff0]
[    0.000000] Scanning 1 areas for low memory corruption
[    0.000000] RAMDISK: [mem 0x361e2000-0x370e8fff]
[    0.000000] ACPI: Early table checksum verification disabled
[    0.000000] ACPI: RSDP 0x00000000000E0000 000024 (v02 VBOX  )
[    0.000000] ACPI: XSDT 0x000000003FFF0030 00003C (v01 VBOX   VBOXXSDT 00000001 ASL  00000061)
[    0.000000] ACPI: FACP 0x000000003FFF00F0 0000F4 (v04 VBOX   VBOXFACP 00000001 ASL  00000061)
[    0.000000] ACPI: DSDT 0x000000003FFF0470 0022EA (v02 VBOX   VBOXBIOS 00000002 INTL 20100528)
[    0.000000] ACPI: FACS 0x000000003FFF0200 000040
[    0.000000] ACPI: FACS 0x000000003FFF0200 000040
[    0.000000] ACPI: APIC 0x000000003FFF0240 00005C (v02 VBOX   VBOXAPIC 00000001 ASL  00000061)
[    0.000000] ACPI: SSDT 0x000000003FFF02A0 0001CC (v01 VBOX   VBOXCPUT 00000002 INTL 20100528)
[    0.000000] No NUMA configuration found
[    0.000000] Faking a node at [mem 0x0000000000000000-0x000000003ffeffff]
[    0.000000] NODE_DATA(0) allocated [mem 0x3ffeb000-0x3ffeffff]
[    0.000000] kvm-clock: Using msrs 4b564d01 and 4b564d00
[    0.000000] kvm-clock: cpu 0, msr 0:3ffe3001, primary cpu clock
[    0.000000] kvm-clock: using sched offset of 3418749426 cycles
[    0.000000] clocksource: kvm-clock: mask: 0xffffffffffffffff max_cycles: 0x1cd42e4dffb, max_idle_ns: 881590591483 ns
[    0.000000] Zone ranges:
[    0.000000]   DMA      [mem 0x0000000000001000-0x0000000000ffffff]
[    0.000000]   DMA32    [mem 0x0000000001000000-0x000000003ffeffff]
[    0.000000]   Normal   empty
[    0.000000]   Device   empty
[    0.000000] Movable zone start for each node
[    0.000000] Early memory node ranges
[    0.000000]   node   0: [mem 0x0000000000001000-0x000000000009efff]
[    0.000000]   node   0: [mem 0x0000000000100000-0x000000003ffeffff]
[    0.000000] Initmem setup node 0 [mem 0x0000000000001000-0x000000003ffeffff]
[    0.000000] ACPI: PM-Timer IO Port: 0x4008
[    0.000000] IOAPIC[0]: apic_id 2, version 32, address 0xfec00000, GSI 0-23
[    0.000000] ACPI: INT_SRC_OVR (bus 0 bus_irq 0 global_irq 2 dfl dfl)
[    0.000000] ACPI: INT_SRC_OVR (bus 0 bus_irq 9 global_irq 9 low level)
[    0.000000] Using ACPI (MADT) for SMP configuration information
[    0.000000] smpboot: Allowing 2 CPUs, 0 hotplug CPUs
[    0.000000] PM: Registered nosave memory: [mem 0x00000000-0x00000fff]
[    0.000000] PM: Registered nosave memory: [mem 0x0009f000-0x0009ffff]
[    0.000000] PM: Registered nosave memory: [mem 0x000a0000-0x000effff]
[    0.000000] PM: Registered nosave memory: [mem 0x000f0000-0x000fffff]
[    0.000000] e820: [mem 0x40000000-0xfebfffff] available for PCI devices
[    0.000000] Booting paravirtualized kernel on KVM
[    0.000000] clocksource: refined-jiffies: mask: 0xffffffff max_cycles: 0xffffffff, max_idle_ns: 7645519600211568 ns
[    0.000000] setup_percpu: NR_CPUS:512 nr_cpumask_bits:512 nr_cpu_ids:2 nr_node_ids:1
[    0.000000] PERCPU: Embedded 34 pages/cpu @ffff88003fc00000 s99544 r8192 d31528 u1048576
[    0.000000] Built 1 zonelists in Node order, mobility grouping on.  Total pages: 257912
[    0.000000] Policy zone: DMA32
[    0.000000] Kernel command line: BOOT_IMAGE=/boot/vmlinuz-4.4.0-166-generic root=UUID=550dd3ae-7e36-4ee8-99c7-73d48a45f588 ro console=tty1 console=ttyS0
[    0.000000] PID hash table entries: 4096 (order: 3, 32768 bytes)
[    0.000000] Memory: 997160K/1048120K available (8623K kernel code, 1336K rwdata, 4036K rodata, 1488K init, 1288K bss, 50960K reserved, 0K cma-reserved)
[    0.000000] SLUB: HWalign=64, Order=0-3, MinObjects=0, CPUs=2, Nodes=1
[    0.000000] Kernel/User page tables isolation: enabled
[    0.000000] Hierarchical RCU implementation.
[    0.000000] 	Build-time adjustment of leaf fanout to 64.
[    0.000000] 	RCU restricting CPUs from NR_CPUS=512 to nr_cpu_ids=2.
[    0.000000] RCU: Adjusting geometry for rcu_fanout_leaf=64, nr_cpu_ids=2
[    0.000000] NR_IRQS:33024 nr_irqs:440 16
[    0.000000] Console: colour VGA+ 80x25
[    0.000000] console [tty1] enabled
[    0.000000] console [ttyS0] enabled
[    0.000000] tsc: Detected 2208.000 MHz processor
[    0.133829] Calibrating delay loop (skipped) preset value.. 4416.00 BogoMIPS (lpj=8832000)
[    0.135431] pid_max: default: 32768 minimum: 301
[    0.136304] ACPI: Core revision 20150930
[    0.137725] ACPI: 2 ACPI AML tables successfully acquired and loaded
[    0.138993] Security Framework initialized
[    0.139783] Yama: becoming mindful.
[    0.140536] AppArmor: AppArmor initialized
[    0.141389] Dentry cache hash table entries: 131072 (order: 8, 1048576 bytes)
[    0.143812] Inode-cache hash table entries: 65536 (order: 7, 524288 bytes)
[    0.145118] Mount-cache hash table entries: 2048 (order: 2, 16384 bytes)
[    0.146309] Mountpoint-cache hash table entries: 2048 (order: 2, 16384 bytes)
[    0.147655] Initializing cgroup subsys io
[    0.148452] Initializing cgroup subsys memory
[    0.149285] Initializing cgroup subsys devices
[    0.150127] Initializing cgroup subsys freezer
[    0.150994] Initializing cgroup subsys net_cls
[    0.151844] Initializing cgroup subsys perf_event
[    0.152745] Initializing cgroup subsys net_prio
[    0.153613] Initializing cgroup subsys hugetlb
[    0.154453] Initializing cgroup subsys pids
[    0.156310] mce: CPU supports 0 MCE banks
[    0.157151] Last level iTLB entries: 4KB 64, 2MB 8, 4MB 8
[    0.158144] Last level dTLB entries: 4KB 64, 2MB 0, 4MB 0, 1GB 4
[    0.159815] Spectre V1 : Mitigation: usercopy/swapgs barriers and __user pointer sanitization
[    0.161435] Spectre V2 : Mitigation: Full generic retpoline
[    0.162452] Spectre V2 : Spectre v2 / SpectreRSB mitigation: Filling RSB on context switch
[    0.164002] Speculative Store Bypass: Vulnerable
[    0.164944] MDS: Mitigation: Clear CPU buffers
[    0.167926] Freeing SMP alternatives memory: 36K
[    0.173759] ftrace: allocating 32296 entries in 127 pages
[    0.222373] smpboot: APIC(0) Converting physical 0 to logical package 0
[    0.224090] smpboot: Max logical packages: 1
[    0.225655] x2apic enabled
[    0.226525] Switched APIC routing to physical x2apic.
[    0.228330] ..TIMER: vector=0x30 apic1=0 pin1=2 apic2=-1 pin2=-1
[    0.337562] smpboot: CPU0: Intel(R) Core(TM) i7-8750H CPU @ 2.20GHz (family: 0x6, model: 0x9e, stepping: 0xa)
[    0.340933] Performance Events: unsupported p6 CPU model 158 no PMU driver, software events only.
[    0.352223] KVM setup paravirtual spinlock
[    0.354073] x86: Booting SMP configuration:
[    0.355186] .... node  #0, CPUs:      #1
[    0.356067] kvm-clock: cpu 1, msr 0:3ffe3041, secondary cpu clock
[    0.357952] mce: CPU supports 0 MCE banks
[    0.360976] x86: Booted up 1 node, 2 CPUs
[    0.362267] smpboot: Total of 2 processors activated (8832.00 BogoMIPS)
[    0.363969] devtmpfs: initialized
[    0.366122] evm: security.selinux
[    0.366991] evm: security.SMACK64
[    0.368039] evm: security.SMACK64EXEC
[    0.369084] evm: security.SMACK64TRANSMUTE
[    0.369892] evm: security.SMACK64MMAP
[    0.370596] evm: security.ima
[    0.371197] evm: security.capability
[    0.372025] clocksource: jiffies: mask: 0xffffffff max_cycles: 0xffffffff, max_idle_ns: 7645041785100000 ns
[    0.374097] futex hash table entries: 512 (order: 3, 32768 bytes)
[    0.375259] pinctrl core: initialized pinctrl subsystem
[    0.376278] RTC time: 17:15:22, date: 11/09/19
[    0.377259] NET: Registered protocol family 16
[    0.390294] cpuidle: using governor ladder
[    0.402215] cpuidle: using governor menu
[    0.404618] PCCT header not found.
[    0.406364] ACPI: bus type PCI registered
[    0.407828] acpiphp: ACPI Hot Plug PCI Controller Driver version: 0.5
[    0.409590] PCI: Using configuration type 1 for base access
[    0.423952] ACPI: Added _OSI(Module Device)
[    0.426439] ACPI: Added _OSI(Processor Device)
[    0.428335] ACPI: Added _OSI(3.0 _SCP Extensions)
[    0.430420] ACPI: Added _OSI(Processor Aggregator Device)
[    0.432957] ACPI: Executed 1 blocks of module-level executable AML code
[    0.436679] ACPI: Interpreter enabled
[    0.437644] ACPI: (supports S0 S5)
[    0.438499] ACPI: Using IOAPIC for interrupt routing
[    0.439750] PCI: Using host bridge windows from ACPI; if necessary, use "pci=nocrs" and report a bug
[    0.445690] ACPI: PCI Root Bridge [PCI0] (domain 0000 [bus 00-ff])
[    0.447247] acpi PNP0A03:00: _OSC: OS supports [ASPM ClockPM Segments MSI]
[    0.449464] acpi PNP0A03:00: _OSC: not requesting OS control; OS requires [ExtendedConfig ASPM ClockPM MSI]
[    0.451576] acpi PNP0A03:00: fail to add MMCONFIG information, can't access extended PCI configuration space under this bridge.
[    0.454346] PCI host bridge to bus 0000:00
[    0.455699] pci_bus 0000:00: root bus resource [io  0x0000-0x0cf7 window]
[    0.457025] pci_bus 0000:00: root bus resource [io  0x0d00-0xffff window]
[    0.458302] pci_bus 0000:00: root bus resource [mem 0x000a0000-0x000bffff window]
[    0.459785] pci_bus 0000:00: root bus resource [mem 0x40000000-0xfdffffff window]
[    0.461516] pci_bus 0000:00: root bus resource [bus 00-ff]
[    0.464872] pci 0000:00:01.1: legacy IDE quirk: reg 0x10: [io  0x01f0-0x01f7]
[    0.466474] pci 0000:00:01.1: legacy IDE quirk: reg 0x14: [io  0x03f6]
[    0.467797] pci 0000:00:01.1: legacy IDE quirk: reg 0x18: [io  0x0170-0x0177]
[    0.469119] pci 0000:00:01.1: legacy IDE quirk: reg 0x1c: [io  0x0376]
[    0.487155] pci 0000:00:07.0: quirk: [io  0x4000-0x403f] claimed by PIIX4 ACPI
[    0.489120] pci 0000:00:07.0: quirk: [io  0x4100-0x410f] claimed by PIIX4 SMB
[    0.494535] ACPI: PCI Interrupt Link [LNKA] (IRQs 5 9 10 *11)
[    0.496327] ACPI: PCI Interrupt Link [LNKB] (IRQs 5 9 *10 11)
[    0.497755] ACPI: PCI Interrupt Link [LNKC] (IRQs 5 *9 10 11)
[    0.499091] ACPI: PCI Interrupt Link [LNKD] (IRQs 5 9 10 *11)
[    0.500486] ACPI: Enabled 2 GPEs in block 00 to 07
[    0.501663] vgaarb: setting as boot device: PCI:0000:00:02.0
[    0.503185] vgaarb: device added: PCI:0000:00:02.0,decodes=io+mem,owns=io+mem,locks=none
[    0.504676] vgaarb: loaded
[    0.505281] vgaarb: bridge control possible 0000:00:02.0
[    0.506417] SCSI subsystem initialized
[    0.507398] ACPI: bus type USB registered
[    0.508609] usbcore: registered new interface driver usbfs
[    0.509634] usbcore: registered new interface driver hub
[    0.510611] usbcore: registered new device driver usb
[    0.511848] PCI: Using ACPI for IRQ routing
[    0.512928] NetLabel: Initializing
[    0.513631] NetLabel:  domain hash size = 128
[    0.514443] NetLabel:  protocols = UNLABELED CIPSOv4
[    0.516356] NetLabel:  unlabeled traffic allowed by default
[    0.517862] amd_nb: Cannot enumerate AMD northbridges
[    0.518852] clocksource: Switched to clocksource kvm-clock
[    0.525780] AppArmor: AppArmor Filesystem Enabled
[    0.527729] pnp: PnP ACPI init
[    0.529812] pnp: PnP ACPI: found 3 devices
[    0.539701] clocksource: acpi_pm: mask: 0xffffff max_cycles: 0xffffff, max_idle_ns: 2085701024 ns
[    0.542209] NET: Registered protocol family 2
[    0.543184] TCP established hash table entries: 8192 (order: 4, 65536 bytes)
[    0.544447] TCP bind hash table entries: 8192 (order: 5, 131072 bytes)
[    0.545891] TCP: Hash tables configured (established 8192 bind 8192)
[    0.547042] UDP hash table entries: 512 (order: 2, 16384 bytes)
[    0.548103] UDP-Lite hash table entries: 512 (order: 2, 16384 bytes)
[    0.549216] NET: Registered protocol family 1
[    0.550037] pci 0000:00:00.0: Limiting direct PCI/PCI transfers
[    0.551114] pci 0000:00:01.0: Activating ISA DMA hang workarounds
[    0.552341] Unpacking initramfs...
[    0.738082] Freeing initrd memory: 15388K
[    0.739400] clocksource: tsc: mask: 0xffffffffffffffff max_cycles: 0x1fd3b81b95f, max_idle_ns: 440795257325 ns
[    0.741395] platform rtc_cmos: registered platform RTC device (no PNP device found)
[    0.742835] Scanning for low memory corruption every 60 seconds
[    0.744194] audit: initializing netlink subsys (disabled)
[    0.745165] audit: type=2000 audit(1573319727.800:1): initialized
[    0.746406] Initialise system trusted keyring
[    0.747657] HugeTLB registered 2 MB page size, pre-allocated 0 pages
[    0.749694] zbud: loaded
[    0.750514] VFS: Disk quotas dquot_6.6.0
[    0.751335] VFS: Dquot-cache hash table entries: 512 (order 0, 4096 bytes)
[    0.752707] squashfs: version 4.0 (2009/01/31) Phillip Lougher
[    0.753958] fuse init (API version 7.23)
[    0.754836] Key type big_key registered
[    0.755635] Allocating IMA MOK and blacklist keyrings.
[    0.757936] Key type asymmetric registered
[    0.759526] Asymmetric key parser 'x509' registered
[    0.760677] Block layer SCSI generic (bsg) driver version 0.4 loaded (major 249)
[    0.762182] io scheduler noop registered
[    0.763535] io scheduler deadline registered (default)
[    0.764761] io scheduler cfq registered
[    0.765569] pci_hotplug: PCI Hot Plug PCI Core version: 0.5
[    0.766572] pciehp: PCI Express Hot Plug Controller Driver version: 0.4
[    0.768096] ACPI: AC Adapter [AC] (on-line)
[    0.768936] input: Power Button as /devices/LNXSYSTM:00/LNXPWRBN:00/input/input0
[    0.770340] ACPI: Power Button [PWRF]
[    0.771229] input: Sleep Button as /devices/LNXSYSTM:00/LNXSLPBN:00/input/input1
[    0.773611] ACPI: Sleep Button [SLPF]
[    0.774501] GHES: HEST is not enabled!
[    0.775376] ACPI: Battery Slot [BAT0] (battery present)
[    0.776403] Serial: 8250/16550 driver, 32 ports, IRQ sharing enabled
[    0.797978] 00:02: ttyS0 at I/O 0x3f8 (irq = 4, base_baud = 115200) is a 16550A
[    0.802112] Linux agpgart interface v0.103
[    0.805727] loop: module loaded
[    0.806810] scsi host0: ata_piix
[    0.807616] scsi host1: ata_piix
[    0.808290] ata1: PATA max UDMA/33 cmd 0x1f0 ctl 0x3f6 bmdma 0xd000 irq 14
[    0.809469] ata2: PATA max UDMA/33 cmd 0x170 ctl 0x376 bmdma 0xd008 irq 15
[    0.810794] libphy: Fixed MDIO Bus: probed
[    0.811712] tun: Universal TUN/TAP device driver, 1.6
[    0.812829] tun: (C) 1999-2004 Max Krasnyansky <maxk@qualcomm.com>
[    0.813963] PPP generic driver version 2.4.2
[    0.814894] ehci_hcd: USB 2.0 'Enhanced' Host Controller (EHCI) Driver
[    0.816028] ehci-pci: EHCI PCI platform driver
[    0.816862] ehci-platform: EHCI generic platform driver
[    0.817905] ohci_hcd: USB 1.1 'Open' Host Controller (OHCI) Driver
[    0.819055] ohci-pci: OHCI PCI platform driver
[    0.819919] ohci-platform: OHCI generic platform driver
[    0.820863] uhci_hcd: USB Universal Host Controller Interface driver
[    0.822002] i8042: PNP: PS/2 Controller [PNP0303:PS2K,PNP0f03:PS2M] at 0x60,0x64 irq 1,12
[    0.823921] serio: i8042 KBD port at 0x60,0x64 irq 1
[    0.824930] serio: i8042 AUX port at 0x60,0x64 irq 12
[    0.826059] mousedev: PS/2 mouse device common for all mice
[    0.827874] input: AT Translated Set 2 keyboard as /devices/platform/i8042/serio0/input/input2
[    0.830584] rtc_cmos rtc_cmos: rtc core: registered rtc_cmos as rtc0
[    0.831882] rtc_cmos rtc_cmos: alarms up to one day, 114 bytes nvram
[    0.833199] i2c /dev entries driver
[    0.834083] device-mapper: uevent: version 1.0.3
[    0.835336] device-mapper: ioctl: 4.34.0-ioctl (2015-10-28) initialised: dm-devel@redhat.com
[    0.837170] ledtrig-cpu: registered to indicate activity on CPUs
[    0.839027] NET: Registered protocol family 10
[    0.840120] NET: Registered protocol family 17
[    0.841394] Key type dns_resolver registered
[    0.842974] registered taskstats version 1
[    0.844047] Loading compiled-in X.509 certificates
[    0.846051] Loaded X.509 cert 'Build time autogenerated kernel key: 75bc1b51278a37d3abb49bab6b1b0161a6cc9ec0'
[    0.848200] zswap: loaded using pool lzo/zbud
[    0.850460] Key type trusted registered
[    0.853865] Key type encrypted registered
[    0.854869] AppArmor: AppArmor sha1 policy hashing enabled
[    0.856632] ima: No TPM chip found, activating TPM-bypass!
[    0.857639] ima: Allocated hash algorithm: sha1
[    0.858498] evm: HMAC attrs: 0x1
[    0.859529]   Magic number: 11:230:289
[    0.860299] tty tty22: hash matches
[    0.861086] rtc_cmos rtc_cmos: setting system clock to 2019-11-09 17:15:23 UTC (1573319723)
[    0.862781] BIOS EDD facility v0.16 2004-Jun-25, 0 devices found
[    0.863892] EDD information not available.
[    0.967913] Freeing unused kernel memory: 1488K
[    0.969263] Write protecting the kernel read-only data: 14336k
[    0.970590] Freeing unused kernel memory: 1604K
[    0.971731] Freeing unused kernel memory: 60K
Loading, please wait...
starting version 229
[    0.982934] random: systemd-udevd: uninitialized urandom read (16 bytes read, 3 bits of entropy available)
[    0.983332] random: udevadm: uninitialized urandom read (16 bytes read, 3 bits of entropy available)
[    0.983346] random: udevadm: uninitialized urandom read (16 bytes read, 3 bits of entropy available)
[    0.988804] random: udevadm: uninitialized urandom read (16 bytes read, 3 bits of entropy available)
[    0.988834] random: udevadm: uninitialized urandom read (16 bytes read, 3 bits of entropy available)
[    0.988925] random: udevadm: uninitialized urandom read (16 bytes read, 3 bits of entropy available)
[    0.988958] random: udevadm: uninitialized urandom read (16 bytes read, 3 bits of entropy available)
[    0.988992] random: udevadm: uninitialized urandom read (16 bytes read, 3 bits of entropy available)
[    0.989025] random: udevadm: uninitialized urandom read (16 bytes read, 3 bits of entropy available)
[    0.989055] random: udevadm: uninitialized urandom read (16 bytes read, 3 bits of entropy available)
[    1.027907] e1000: Intel(R) PRO/1000 Network Driver - version 7.3.21-k8-NAPI
[    1.029563] e1000: Copyright (c) 1999-2006 Intel Corporation.
[    1.031251] Fusion MPT base driver 3.04.20
[    1.032165] Copyright (c) 1999-2008 LSI Corporation
[    1.036282] Fusion MPT SPI Host driver 3.04.20
[    1.055826] AVX2 version of gcm_enc/dec engaged.
[    1.056764] AES CTR mode by8 optimization enabled
[    1.236049] input: ImExPS/2 Generic Explorer Mouse as /devices/platform/i8042/serio1/input/input4
[    1.402652] e1000 0000:00:03.0 eth0: (PCI:33MHz:32-bit) 02:af:57:b2:64:eb
[    1.404483] e1000 0000:00:03.0 eth0: Intel(R) PRO/1000 Network Connection
[    1.406664] mptbase: ioc0: Initiating bringup
[    1.407503] e1000 0000:00:03.0 enp0s3: renamed from eth0
[    1.471505] ioc0: LSI53C1030 A0: Capabilities={Initiator}
[    1.633011] scsi host2: ioc0: LSI53C1030 A0, FwRev=00000000h, Ports=1, MaxQ=256, IRQ=20
[    1.748302] scsi 2:0:0:0: Direct-Access     VBOX     HARDDISK         1.0  PQ: 0 ANSI: 5
[    1.752046] scsi target2:0:0: Beginning Domain Validation
[    1.754711] scsi target2:0:0: Domain Validation skipping write tests
[    1.756710] scsi target2:0:0: Ending Domain Validation
[    1.758221] scsi target2:0:0: asynchronous
[    1.759687] scsi 2:0:1:0: Direct-Access     VBOX     HARDDISK         1.0  PQ: 0 ANSI: 5
[    1.761706] scsi target2:0:1: Beginning Domain Validation
[    1.763772] scsi target2:0:1: Domain Validation skipping write tests
[    1.765257] scsi target2:0:1: Ending Domain Validation
[    1.775754] scsi target2:0:1: asynchronous
[    1.783301] sd 2:0:0:0: [sda] 20971520 512-byte logical blocks: (10.7 GB/10.0 GiB)
[    1.783423] sd 2:0:0:0: Attached scsi generic sg0 type 0
[    1.783770] sd 2:0:1:0: Attached scsi generic sg1 type 0
[    1.783966] sd 2:0:1:0: [sdb] 20480 512-byte logical blocks: (10.5 MB/10.0 MiB)
[    1.784107] sd 2:0:1:0: [sdb] Write Protect is off
[    1.784187] sd 2:0:1:0: [sdb] Incomplete mode parameter data
[    1.784188] sd 2:0:1:0: [sdb] Assuming drive cache: write through
[    1.786648] sd 2:0:1:0: [sdb] Attached SCSI disk
[    1.795071] sd 2:0:0:0: [sda] Write Protect is off
[    1.796353] sd 2:0:0:0: [sda] Incomplete mode parameter data
[    1.797770] sd 2:0:0:0: [sda] Assuming drive cache: write through
[    1.801456]  sda: sda1
[    1.802884] sd 2:0:0:0: [sda] Attached SCSI disk
Begin: Loading essential drivers ... [    3.059924] md: linear personality registered for level -1
[    3.063589] md: multipath personality registered for level -4
[    3.067279] md: raid0 personality registered for level 0
[    3.071366] md: raid1 personality registered for level 1
[    3.143354] raid6: sse2x1   gen() 13520 MB/s
[    3.211375] raid6: sse2x1   xor() 10055 MB/s
[    3.278882] raid6: sse2x2   gen() 16408 MB/s
[    3.347076] raid6: sse2x2   xor() 11491 MB/s
[    3.415068] raid6: sse2x4   gen() 19348 MB/s
[    3.483376] raid6: sse2x4   xor() 12870 MB/s
[    3.550999] raid6: avx2x1   gen() 24352 MB/s
[    3.619046] raid6: avx2x2   gen() 31504 MB/s
[    3.687062] raid6: avx2x4   gen() 35118 MB/s
[    3.688252] raid6: using algorithm avx2x4 gen() 35118 MB/s
[    3.689312] raid6: using avx2x2 recovery algorithm
[    3.691382] xor: automatically using best checksumming function:
[    3.736531]    avx       : 60037.000 MB/sec
[    3.738815] async_tx: api initialized (async)
[    3.747933] md: raid6 personality registered for level 6
[    3.749197] md: raid5 personality registered for level 5
[    3.750143] md: raid4 personality registered for level 4
[    3.756305] md: raid10 personality registered for level 10
done.
Begin: Running /scripts/init-premount ... done.
Begin: Mounting root file system ... Begin: Running /scripts/local-top ... done.
Begin: Running /scripts/local-premount ... [    3.779923] Btrfs loaded
Scanning for Btrfs filesystems
done.
Warning: fsck not present, so skipping root file system
[    3.800323] EXT4-fs (sda1): INFO: recovery required on readonly filesystem
[    3.801541] EXT4-fs (sda1): write access will be enabled during recovery
[    4.087685] EXT4-fs (sda1): orphan cleanup on readonly fs
[    4.090915] EXT4-fs (sda1): 1 orphan inode deleted
[    4.091822] EXT4-fs (sda1): recovery complete
[    4.093196] EXT4-fs (sda1): mounted filesystem with ordered data mode. Opts: (null)
done.
Begin: Running /scripts/local-bottom ... done.
Begin: Running /scripts/init-bottom ... done.
[    4.175740] systemd[1]: systemd 229 running in system mode. (+PAM +AUDIT +SELINUX +IMA +APPARMOR +SMACK +SYSVINIT +UTMP +LIBCRYPTSETUP +GCRYPT +GNUTLS +ACL +XZ -LZ4 +SECCOMP +BLKID +ELFUTILS +KMOD -IDN)
[    4.179309] systemd[1]: Detected virtualization oracle.
[    4.180284] systemd[1]: Detected architecture x86-64.

Welcome to [1mUbuntu 16.04.6 LTS[0m!

[    4.182827] systemd[1]: Set hostname to <ubuntu-xenial>.
[    4.238285] random: nonblocking pool is initialized
[    4.308186] systemd[1]: Reached target Swap.
[[0;32m  OK  [0m] Reached target Swap.
[    4.309940] systemd[1]: Listening on Journal Socket.
[[0;32m  OK  [0m] Listening on Journal Socket.
[    4.312099] systemd[1]: Created slice System Slice.
[[0;32m  OK  [0m] Created slice System Slice.
[    4.327099] systemd[1]: Starting Uncomplicated firewall...
         Starting Uncomplicated firewall...
[    4.330508] systemd[1]: Mounting POSIX Message Queue File System...
         Mounting POSIX Message Queue File System...
[    4.332755] systemd[1]: Created slice system-serial\x2dgetty.slice.
[[0;32m  OK  [0m] Created slice system-serial\x2dgetty.slice.
[    4.335753] systemd[1]: Mounting Debug File System...
         Mounting Debug File System...
[    4.338081] systemd[1]: Starting Set console keymap...
         Starting Set console keymap...
[    4.341550] systemd[1]: Starting Nameserver information manager...
         Starting Nameserver information manager...
[    4.346012] systemd[1]: Created slice User and Session Slice.
[[0;32m  OK  [0m] Created slice User and Session Slice.
[    4.349367] systemd[1]: Listening on udev Kernel Socket.
[[0;32m  OK  [0m] Listening on udev Kernel Socket.
[    4.351559] systemd[1]: Set up automount Arbitrary Executable File Formats File System Automount Point.
[[0;32m  OK  [0m] Set up automount Arbitrary Executab...ats File System Automount Point.
[    4.354846] systemd[1]: Started Trigger resolvconf update for networkd DNS.
[[0;32m  OK  [0m] Started Trigger resolvconf update for networkd DNS.
[    4.357764] systemd[1]: Starting Remount Root and Kernel File Systems...
         Starting Remount Root and Kernel File Systems...
[    4.360050] systemd[1]: Listening on LVM2 metadata daemon socket.
[[0;32m  OK  [0m] Listening on LVM2 metadata daemon socket.
[    4.362284] systemd[1]: Listening on udev Control Socket.
[[0;32m  OK  [0m] Listening on udev Control Socket.
[    4.364684] systemd[1]: Listening on Journal Socket (/dev/log).
[[0;32m  OK  [0m] Listening on Journal Socket (/dev/log).
[    4.367336] systemd[1]: Listening on Syslog Socket.
[    4.368336] EXT4-fs (sda1): re-mounted. Opts: (null)
[[0;32m  OK  [0m] Listening on Syslog Socket.
[    4.372532] systemd[1]: Reached target User and Group Name Lookups.
[[0;32m  OK  [0m] Reached target User and Group Name Lookups.
[    4.374842] systemd[1]: Listening on Journal Audit Socket.
[[0;32m  OK  [0m] Listening on Journal Audit Socket.
[    4.377352] systemd[1]: Starting Journal Service...
         Starting Journal Service...
[    4.379116] systemd[1]: Reached target Encrypted Volumes.
[[0;32m  OK  [0m] Reached target Encrypted Volumes.
[    4.381228] systemd[1]: Started Forward Password Requests to Wall Directory Watch.
[[0;32m  OK  [0m] Started Forward Password Requests to Wall Directory Watch.
[    4.384042] systemd[1]: Reached target System Time Synchronized.
[[0;32m  OK  [0m] Reached target System Time Synchronized.
[    4.387953] systemd[1]: Starting Create list of required static device nodes for the current kernel...
         Starting Create list of required st... nodes for the current kernel...
[    4.391027] systemd[1]: Listening on Device-mapper event daemon FIFOs.
[[0;32m  OK  [0m] Listening on Device-mapper event daemon FIFOs.
[    4.395019] systemd[1]: Starting Monitoring of LVM2 mirrors, snapshots etc. using dmeventd or progress polling...
         Starting Monitoring of LVM2 mirrors... dmeventd or progress polling...
[    4.399418] systemd[1]: Mounting Huge Pages File System...
         Mounting Huge Pages File System...
[    4.402066] systemd[1]: Listening on /dev/initctl Compatibility Named Pipe.
[[0;32m  OK  [0m] Listening on /dev/initctl Compatibility Named Pipe.
[    4.404635] systemd[1]: Reached target Slices.
[[0;32m  OK  [0m] Reached target Slices.
[    4.408788] systemd[1]: Starting Load Kernel Modules...
         Starting Load Kernel Modules...
[    4.411215] systemd[1]: Listening on LVM2 poll daemon socket.
[[0;32m  OK  [0m] Listening on LVM2 poll daemon socket.
[    4.414572] systemd[1]: Mounted Debug File System.
[[0;32m  OK  [0m] Mounted Debug File System.
[    4.416454] Loading iSCSI transport class v2.0-870.
[    4.416523] systemd[1]: Mounted POSIX Message Queue File System.
[[0;32m  OK  [0m] Mounted POSIX Message Queue File System.
[    4.423378] iscsi: registered transport (tcp)
[    4.427046] systemd[1]: Mounted Huge Pages File System.
[[0;32m  OK  [0m] Mounted Huge Pages File System.
[    4.435304] systemd[1]: Started Journal Service.
[[0;32m  OK  [0m] Started Journal Service.
[[0;32m  OK  [0m] Started Uncomplicated firewall.
[[0;32m  OK  [0m] Started Set console keymap.
[    4.447473] iscsi: registered transport (iser)
[[0;32m  OK  [0m] Started Remount Root and Kernel File Systems.
[[0;32m  OK  [0m] Started Create list of required sta...ce nodes for the current kernel.
[[0;32m  OK  [0m] Started Load Kernel Modules.
[[0;32m  OK  [0m] Started Nameserver information manager.
[[0;32m  OK  [0m] Started LVM2 metadata daemon.
         Starting Apply Kernel Variables...
         Mounting FUSE Control File System...
         Starting Create Static Device Nodes in /dev...
         Starting Load/Save Random Seed...
         Starting udev Coldplug all Devices...
         Starting Flush Journal to Persistent Storage...
[[0;32m  OK  [0m] Mounted FUSE Control File System.
[[0;32m  OK  [0m] Started Apply Kernel Variables.
[[0;32m  OK  [0m] Started Create Static Device Nodes in /dev.
[[0;32m  OK  [0m] Started Load/Save Random Seed.
[[0;32m  OK  [0m] Started udev Coldplug all Devices.
         Starting udev Kernel Device Manager...
[[0;32m  OK  [0m] Started Flush Journal to Persistent Storage.
[[0;32m  OK  [0m] Started udev Kernel Device Manager.
[[0;32m  OK  [0m] Started Dispatch Password Requests to Console Directory Watch.
[[0;32m  OK  [0m] Found device /dev/ttyS0.
[[0;32m  OK  [0m] Listening on Load/Save RF Kill Switch Status /dev/rfkill Watch.
[[0;32m  OK  [0m] Found device 82540EM Gigabit Ethern...r (PRO/1000 MT Desktop Adapter).
[[0;32m  OK  [0m] Started Monitoring of LVM2 mirrors,...ng dmeventd or progress polling.
[[0;32m  OK  [0m] Reached target Local File Systems (Pre).
[[0;32m  OK  [0m] Reached target Local File Systems.
         Starting Initial cloud-init job (pre-networking)...
         Starting Set console font and keymap...
         Starting Create Volatile Files and Directories...
         Starting LSB: AppArmor initialization...
         Starting Tell Plymouth To Write Out Runtime Data...
[[0;32m  OK  [0m] Started Create Volatile Files and Directories.
         Starting Update UTMP about System Boot/Shutdown...
[[0;32m  OK  [0m] Started LSB: AppArmor initialization.
[[0;32m  OK  [0m] Started Tell Plymouth To Write Out Runtime Data.
[[0;32m  OK  [0m] Started Update UTMP about System Boot/Shutdown.
[[0;32m  OK  [0m] Started Set console font and keymap.
[[0;32m  OK  [0m] Created slice system-getty.slice.
[    5.671957] cloud-init[612]: Cloud-init v. 19.2-36-g059d049c-0ubuntu2~16.04.1 running 'init-local' at Sat, 09 Nov 2019 17:15:28 +0000. Up 5.45 seconds.
[[0;32m  OK  [0m] Started Initial cloud-init job (pre-networking).
[[0;32m  OK  [0m] Reached target Network (Pre).
[[0;32m  OK  [0m] Started ifup for enp0s3.
         Starting Raise network interfaces...
[[0;32m  OK  [0m] Started Raise network interfaces.
         Starting Initial cloud-init job (metadata service crawler)...
[[0;32m  OK  [0m] Reached target Network.
[    6.225671] cloud-init[973]: Cloud-init v. 19.2-36-g059d049c-0ubuntu2~16.04.1 running 'init' at Sat, 09 Nov 2019 17:15:28 +0000. Up 6.03 seconds.
[    6.232722] cloud-init[973]: ci-info: ++++++++++++++++++++++++++++++++++++++Net device info++++++++++++++++++++++++++++++++++++++
[    6.240866] cloud-init[973]: ci-info: +--------+------+----------------------------+---------------+--------+-------------------+
[    6.248459] cloud-init[973]: ci-info: | Device |  Up  |          Address           |      Mask     | Scope  |     Hw-Address    |
[    6.256663] cloud-init[973]: ci-info: +--------+------+----------------------------+---------------+--------+-------------------+
[    6.264373] cloud-init[973]: ci-info: | enp0s3 | True |         10.0.2.15          | 255.255.255.0 | global | 02:af:57:b2:64:eb |
[    6.273183] cloud-init[973]: ci-info: | enp0s3 | True | fe80::af:57ff:feb2:64eb/64 |       .       |  link  | 02:af:57:b2:64:eb |
[[0;32m  OK  [0m] Started Initial cloud-init job (metadata service crawler).
[    6.283887] cloud-init[973]: ci-info: |   lo   | True |         127.0.0.1          |   255.0.0.0   |  host  |         .         |
[    6.286127] cloud-init[973]: ci-info: |   lo   | True |          ::1/128           |       .       |  host  |         .         |
[    6.292894] cloud-init[973]: ci-info: +--------+------+----------------------------+---------------+--------+-------------------+
[    6.300665] cloud-init[973]: ci-info: +++++++++++++++++++++++++++Route IPv4 info++++++++++++++++++++++++++++
[    6.308901] cloud-init[973]: ci-info: +-------+-------------+----------+---------------+-----------+-------+
[[0;32m  OK  [0m] Reached target Network is Online.
[    6.314400] cloud-init[973]: ci-info: | Route | Destination | Gateway  |    Genmask    | Interface | Flags |
[    6.337261] cloud-init[973]: ci-info: +-------+-------------+----------+---------------+-----------+-------+
         Starting iSCSI initiator daemon (iscsid)...
[[0;32m  OK  [0m] Reached target Cloud-config availability.
[[0;32m  OK  [0m] Reached target System Initialization.
[[0;32m  OK  [0m] Started Daily Cleanup of Temporary Directories.
[    6.347634] cloud-init[973]: ci-info: |   0   |   0.0.0.0   | 10.0.2.2 |    0.0.0.0    |   enp0s3  |   UG  |
[    6.372760] cloud-init[973]: ci-info: |   1   |   10.0.2.0  | 0.0.0.0  | 255.255.255.0 |   enp0s3  |   U   |
[    6.374758] cloud-init[973]: ci-info: +-------+-------------+----------+---------------+-----------+-------+         Starting LXD - unix socket.

[    6.377806] cloud-init[973]: ci-info: +++++++++++++++++++Route IPv6 info+++++++++++++++++++
[    6.379742] [[0;32m  OK  [0m] Started ACPI Events Check.
[[0;32m  OK  [0m] Reached target Paths.
[[0;32m  OK  [0m] Listening on D-Bus System Message Bus Socket.
cloud-init[973]: ci-info: +-------+-------------+---------+-----------+-------+[[0;32m  OK  [0m] Started Daily apt download activities.
[[0;32m  OK  [0m] Started Daily apt upgrade and clean activities.
[[0;32m  OK  [0m] Reached target Timers.
[[0;32m  OK  [0m] Listening on UUID daemon activation socket.
[    6.388557] cloud-init[973]: ci-info: | Route | Destination | Gateway | Interface | Flags |
[    6.389951] cloud-init[973]: ci-info: +-------+-------------+---------+-----------+-------+
[    6.391283] cloud-init[973]: ci-info: |   0   |  fe80::/64  |    ::   |   enp0s3  |   U   |
[[0;32m  OK  [0m] Listening on ACPID Listen Socket.
         
Starting Socket activation for snappy daemon.[    6.393944] cloud-init[973]: ci-info: |   3   |   ff00::/8  |    ::   |   enp0s3  |   U   |
[    6.394614] cloud-init[973]: ci-info: +-------+-------------+---------+-----------+-------+

[[0;32m  OK  [0m] Listening on LXD - unix socket.
[[0;32m  OK  [0m] Listening on Socket activation for snappy daemon.
[[0;32m  OK  [0m] Reached target Sockets.
[[0;32m  OK  [0m] Reached target Basic System.
[[0;32m  OK  [0m] Started D-Bus System Message Bus.
         Starting LSB: Record successful boot for GRUB...
[[0;32m  OK  [0m] Started FUSE filesystem for LXC.
         Starting /etc/rc.local Compatibility...
[[0;32m  OK  [0m] Started ACPI event daemon.
[[0;32m  OK  [0m] Started Regular background program processing daemon.
         Starting OpenBSD Secure Shell server...
         Starting Accounts Service...
         Starting System Logging Service...
         Starting LSB: MD monitoring daemon...
[[0;32m  OK  [0m] Started Deferred execution scheduler.
         Starting Virtualbox guest utils...
         Starting Snappy daemon...
         Starting Login Service...
         Starting LXD - container startup/shutdown...
[[0;32m  OK  [0m] Started System Logging Service.
[[0;32m  OK  [0m] Started iSCSI initiator daemon (iscsid).
[[0;32m  OK  [0m] Started /etc/rc.local Compatibility.
[[0;32m  OK  [0m] Started OpenBSD Secure Shell server.
[[0;32m  OK  [0m] Started LSB: Record successful boot for GRUB.
[[0;32m  OK  [0m] Started Login Service.
[[0;32m  OK  [0m] Started Unattended Upgrades Shutdown.
         Starting Authenticate and Authorize Users to Run Privileged Tasks...
         Starting Login to default iSCSI targets...
[[0;32m  OK  [0m] Started LSB: MD monitoring daemon.
[[0;32m  OK  [0m] Started Login to default iSCSI targets.
[[0;32m  OK  [0m] Reached target Remote File Systems (Pre).
[[0;32m  OK  [0m] Reached target Remote File Systems.
         Starting LSB: automatic crash report generation...
         Starting LSB: daemon to balance interrupts for SMP systems...
         Starting Permit User Sessions...
         Starting LSB: Set the CPU Frequency Scaling governor to "ondemand"...
[[0;32m  OK  [0m] Started Permit User Sessions.
         Starting Terminate Plymouth Boot Screen...
         Starting Hold until boot process finishes up...
[[0;32m  OK  [0m] Started LSB: automatic crash report generation.
[[0;32m  OK  [0m] Started Hold until boot process finishes up.
[[0;32m  OK  [0m] Started Serial Getty on ttyS0.
         Starting Set console scheme...
[[0;32m  OK  [0m] Started Getty on tty1.
[[0;32m  OK  [0m] Reached target Login Prompts.
[[0;32m  OK  [0m] Started LSB: daemon to balance interrupts for SMP systems.
[[0;32m  OK  [0m] Started Terminate Plymouth Boot Screen.
[[0;32m  OK  [0m] Started Set console scheme.
[[0;32m  OK  [0m] Started Authenticate and Authorize Users to Run Privileged Tasks.
[[0;32m  OK  [0m] Started LXD - container startup/shutdown.
[[0;32m  OK  [0m] Started Accounts Service.
[[0;32m  OK  [0m] Started Virtualbox guest utils.
[[0;32m  OK  [0m] Started LSB: Set the CPU Frequency Scaling governor to "ondemand".
[[0;32m  OK  [0m] Started Snappy daemon.
         Starting Wait until snapd is fully seeded...
[[0;32m  OK  [0m] Started Wait until snapd is fully seeded.
         Starting Apply the settings specified in cloud-config...
[[0;32m  OK  [0m] Reached target Multi-User System.
[[0;32m  OK  [0m] Reached target Graphical Interface.
         Starting Update UTMP about System Runlevel Changes...
[[0;32m  OK  [0m] Started Update UTMP about System Runlevel Changes.
[    7.047855] cloud-init[1228]: Cloud-init v. 19.2-36-g059d049c-0ubuntu2~16.04.1 running 'modules:config' at Sat, 09 Nov 2019 17:15:29 +0000. Up 6.98 seconds.
[[0;32m  OK  [0m] Started Apply the settings specified in cloud-config.
         Starting Execute cloud user/final scripts...
[    7.369180] cloud-init[1242]: Cloud-init v. 19.2-36-g059d049c-0ubuntu2~16.04.1 running 'modules:final' at Sat, 09 Nov 2019 17:15:30 +0000. Up 7.30 seconds.
[    7.376928] cloud-init[1242]: Cloud-init v. 19.2-36-g059d049c-0ubuntu2~16.04.1 finished at Sat, 09 Nov 2019 17:15:30 +0000. Datasource DataSourceNoCloud [seed=/dev/sdb][dsmode=net].  Up 7.36 seconds
[[0;32m  OK  [0m] Started Execute cloud user/final scripts.
[[0;32m  OK  [0m] Reached target Cloud-init target.
         Starting Daily apt download activities...

Ubuntu 16.04.6 LTS ubuntu-xenial ttyS0

ubuntu-xenial login: 